// Jest Snapshot v1, https://goo.gl/fbAQLP

exports[`handleMDNQuery responds with list embedded 1`] = `
Object {
  "embed": Object {
    "author": null,
    "color": 8638706,
    "description": "1. [**Example** - ](http://www.example.com)

:bulb: *react with a number (:one:, :two:, ...) to filter your result*
:neutral_face: *react with \`‚ùå\` to delete*
:point_up: *supports \`!mdn\`, \`!github\`, \`!caniuse\`, \`!npm\`, \`!composer\`, \`!bundlephobia\`, and \`!php\`*
:gear: *issues? feature requests? head over to [github](https://github.com/ljosberinn/webdev-support-bot)*",
    "fields": Array [],
    "footer": Object {
      "iconURL": "https://avatars0.githubusercontent.com/u/7565578",
      "text": "",
    },
    "title": undefined,
    "url": "Search Term",
  },
}
`;
